0
0
0
2
0
-18165
1
0
0
0
0
1
1
0
0
1
125
-18165
1
0
0
0
0
