2704
27
27
1011
111
307
27
14
262
114
8
27
7
27
105
