7
9
509
265
9
1035
9
213
509
873
213
9
1812
9
509
