Error Code 4: 11 14 14 15 15 16 16 17 17 17 17 17 17 18 18 24 24 27 27 29 37 37 38 38 39 39 40 40 40 40 40 40 41 41 47 47 50 50 52 60 60 61 61 62 62 63 63 63 63 63 63 64 64 70 70 73 73 75 