Error Code 1: 1 2 3 7 8 9 10 11 12 13 14 15 16 17 21 22 23 24 25 26 27 28 29 30 35 36 37 39 40 41 45 46 47 50 51 52 55 57 58 59 61 62 72 73 74 75 76 77 