Error Code 5: 6 15 15 17 18 27 27 27 27 27 27 27 34 34 34 34 