Error Code 5: 9 9 10 10 10 12 14 14 14 14 14 14 14 14 14 14 14 14 