Error Code 5: 18 19 19 20 20 20 21 22 22 23 23 23 24 33 33 33 33 33 33 33 34 34 34 34 34 34 34 34 34 34 34 34 34 35 35 35 35 35 35 35 35 35 35 35 35 35 36 36 36 36 36 36 36 36 36 36 36 36 36 37 37 37 38 38 38 38 39 39 39 39 39 39 39 39 39 39 39 39 39 40 41 42 43 44 50 50 50 