Error Code 3: 6 7 8 8 9 9 9 9 9 9 9 9 9 9 9 9 10 10 10 10 10 10 