Error Code 3: 11 12 16 16 17 17 18 18 19 19 19 19 19 19 20 20 26 26 29 29 31 31 39 40 44 44 45 45 46 46 47 47 47 47 47 47 48 48 54 54 57 57 59 59 67 68 72 72 73 73 74 74 75 75 75 75 75 75 76 76 82 82 85 85 87 87 